gcc -std=gnu99 -O3 -Wall -D_FILE_OFFSET_BITS=64 -c dsc_codec.c -o dsc_codec.o
gcc -std=gnu99 -O3 -Wall -D_FILE_OFFSET_BITS=64 -c dsc_utils.c -o dsc_utils.o
gcc -std=gnu99 -O3 -Wall -D_FILE_OFFSET_BITS=64 -c cmd_parse.c -o cmd_parse.o
gcc -std=gnu99 -O3 -Wall -D_FILE_OFFSET_BITS=64 -c codec_main.c -o codec_main.o
gcc -std=gnu99 -O3 -Wall -D_FILE_OFFSET_BITS=64 -c dpx.c -o dpx.o
gcc -std=gnu99 -O3 -Wall -D_FILE_OFFSET_BITS=64 -c fifo.c -o fifo.o
gcc -std=gnu99 -O3 -Wall -D_FILE_OFFSET_BITS=64 -c hdr_dpx.c -o hdr_dpx.o
hdr_dpx.c:90:6: warning: variable 'yidx' set but not used [-Wunused-but-set-variable]
   90 |         int yidx = 0;
      |             ^
hdr_dpx.c:1718:31: warning: result of comparison of constant 4294967295 with expression of type 'BYTE' (aka 'unsigned char') is always false [-Wtautological-constant-out-of-range-compare]
 1718 |         if (dpxh->TvHeader.Interlace == UINT32_MAX)
      |             ~~~~~~~~~~~~~~~~~~~~~~~~ ^  ~~~~~~~~~~
hdr_dpx.c:1720:33: warning: result of comparison of constant 4294967295 with expression of type 'BYTE' (aka 'unsigned char') is always false [-Wtautological-constant-out-of-range-compare]
 1720 |         if (dpxh->TvHeader.FieldNumber == UINT32_MAX)
      |             ~~~~~~~~~~~~~~~~~~~~~~~~~~ ^  ~~~~~~~~~~
3 warnings generated.
gcc -std=gnu99 -O3 -Wall -D_FILE_OFFSET_BITS=64 -c logging.c -o logging.o
gcc -std=gnu99 -O3 -Wall -D_FILE_OFFSET_BITS=64 -c multiplex.c -o multiplex.o
gcc -std=gnu99 -O3 -Wall -D_FILE_OFFSET_BITS=64 -c psnr.c -o psnr.o
gcc -std=gnu99 -O3 -Wall -D_FILE_OFFSET_BITS=64 -c utl.c -o utl.o
gcc dsc_codec.o dsc_utils.o cmd_parse.o codec_main.o dpx.o fifo.o hdr_dpx.o logging.o multiplex.o psnr.o utl.o -lm -o dsc
